first line ending in CRLF
second line ending in CRLF
third line ending in CRLF
